// Jest Snapshot v1, https://goo.gl/fbAQLP

exports[`create shapshot of when loading is false 1`] = `
<DocumentFragment>
  <div
    data-testid="Children"
  />
</DocumentFragment>
`;

exports[`create shapshot of when loading is true 1`] = `
<DocumentFragment>
  .emotion-0 {
  display: -webkit-box;
  display: -webkit-flex;
  display: -ms-flexbox;
  display: flex;
  -webkit-flex-direction: column;
  -ms-flex-direction: column;
  flex-direction: column;
  -webkit-align-items: center;
  -webkit-box-align: center;
  -ms-flex-align: center;
  align-items: center;
  -webkit-box-pack: center;
  -ms-flex-pack: center;
  -webkit-justify-content: center;
  justify-content: center;
  min-height: calc(100vh - 0.5rem);
}

@media (width >= 600px) {
  .emotion-0 {
    min-height: calc(100vh - 2rem);
  }
}

<div
    class="emotion-0"
  >
    <div
      class="fui-Spinner ___p104zz0_oywd6f0 f22iagw f122n59 f4d9j23 fez10in f4px1ci fn67r4l f1063pyq"
      role="progressbar"
    >
      <span
        class="fui-Spinner__spinner ___1a0j0wo_1i8loft f1or16p5 f1grzc83 f19shzzi f5tbecn fn4mtlg f1y80fxs f1r2crtq f1wsi8sr f1bkm2qd f1urqz7h f1da2vov f11rfva0 f1exc66 f1aiqagr f1wtx80b f1flujpd f1u06hy7 f11ditju f1m9nikz fq8a5sv f1b4lwqj f1najlst fjxod4 fu3xdw0 f1ttdh6v f1eseayc folzdkc fhlfkde f13qeqtg flglbw1"
      >
        <svg
          class="fui-Spinner__Progressbar"
        >
          <circle
            class="fui-Spinner__Track"
          />
          <circle
            class="fui-Spinner__Tail"
          />
        </svg>
      </span>
    </div>
  </div>
</DocumentFragment>
`;
