// Jest Snapshot v1, https://goo.gl/fbAQLP

exports[`create shapshot 1`] = `
.emotion-0 {
  display: -webkit-box;
  display: -webkit-flex;
  display: -ms-flexbox;
  display: flex;
  -webkit-flex-direction: column;
  -ms-flex-direction: column;
  flex-direction: column;
  -webkit-align-items: center;
  -webkit-box-align: center;
  -ms-flex-align: center;
  align-items: center;
  -webkit-box-pack: center;
  -ms-flex-pack: center;
  -webkit-justify-content: center;
  justify-content: center;
  min-height: calc(100vh - 0.5rem);
}

@media (width >= 600px) {
  .emotion-0 {
    min-height: calc(100vh - 2rem);
  }
}

<body>
  <div>
    <div
      class="emotion-0"
    />
  </div>
</body>
`;
