// Vitest Snapshot v1, https://vitest.dev/guide/snapshot.html

exports[`should match the snapshot 1`] = `
<DocumentFragment>
  .emotion-0 {
  display: -webkit-box;
  display: -webkit-flex;
  display: -ms-flexbox;
  display: flex;
  -webkit-flex-direction: column;
  -ms-flex-direction: column;
  flex-direction: column;
  -webkit-align-items: center;
  -webkit-box-align: center;
  -ms-flex-align: center;
  align-items: center;
  -webkit-box-pack: center;
  -ms-flex-pack: center;
  -webkit-justify-content: center;
  justify-content: center;
  min-height: calc(100vh - 0.5rem);
}

@media (width >= 600px) {
  .emotion-0 {
    min-height: calc(100vh - 2rem);
  }
}

<div
    class="emotion-0"
  >
    <div
      class="fui-Spinner r82apo5"
      role="progressbar"
    >
      <span
        class="fui-Spinner__spinner rvgcg50 ___1xxu43e_eahmz60 f1d2rq10 f1szoe96 fb52u90"
      >
        <span
          class="fui-Spinner__spinnerTail rxov3xa"
        />
      </span>
    </div>
  </div>
</DocumentFragment>
`;
