// Vitest Snapshot v1, https://vitest.dev/guide/snapshot.html

exports[`should create a shapshot when the loading parameter is false 1`] = `
<DocumentFragment>
  <div
    data-testid="test-Children"
  />
</DocumentFragment>
`;

exports[`should create a shapshot when the loading parameter is true 1`] = `<DocumentFragment />`;
