// Jest Snapshot v1, https://goo.gl/fbAQLP

exports[`App create shapshot 1`] = `
<body>
  <div>
    <div
      data-testid="AppInsights"
    >
      <div
        data-testid="MsalProvider"
      >
        <div
          data-testid="ThemeProvider"
        >
          <div
            data-testid="ErrorContextProvider"
          >
            <div
              data-testid="Router"
            />
          </div>
        </div>
      </div>
    </div>
  </div>
</body>
`;
