// Jest Snapshot v1, https://goo.gl/fbAQLP

exports[`CalendarMenuItem create shapshot 1`] = `
.emotion-0 {
  display: grid;
  grid-template-rows: auto;
  grid-template-columns: auto auto;
  -webkit-align-items: center;
  -webkit-box-align: center;
  -ms-flex-align: center;
  align-items: center;
  -webkit-box-pack: start;
  -ms-flex-pack: start;
  -webkit-justify-content: flex-start;
  justify-content: flex-start;
  cursor: pointer;
}

.emotion-1 {
  line-height: 1em;
}

.emotion-1 span {
  display: grid;
  -webkit-align-items: center;
  -webkit-box-align: center;
  -ms-flex-align: center;
  align-items: center;
  -webkit-box-pack: center;
  -ms-flex-pack: center;
  -webkit-justify-content: center;
  justify-content: center;
}

<body>
  <div>
    <span
      class="ui-text emotion-0"
      data-uses-unhanded-props="true"
      role="button"
    >
      <span
        class="emotion-1"
      >
        <span
          aria-hidden="true"
          class="root_dd790ee3"
        >
          <svg
            class="svg_dd790ee3"
            focusable="false"
            viewBox="0 0 2048 2048"
            xmlns="http://www.w3.org/2000/svg"
          >
            <path
              d="M768 768h128v128H768V768zm384 768h128v128h-128v-128zm384-768h128v128h-128V768zm-384 0h128v128h-128V768zm-384 256h128v128H768v-128zm-384 0h128v128H384v-128zm1152 0h128v128h-128v-128zm-384 0h128v128h-128v-128zm-384 256h128v128H768v-128zm-384 0h128v128H384v-128zm1152 0h128v128h-128v-128zm-384 0h128v128h-128v-128zm-384 256h128v128H768v-128zm-384 0h128v128H384v-128zM2048 128v1792H0V128h384V0h128v128h1024V0h128v128h384zM128 256v256h1792V256h-256v128h-128V256H512v128H384V256H128zm1792 1536V640H128v1152h1792z"
            />
          </svg>
        </span>
      </span>
    </span>
  </div>
</body>
`;
