// Jest Snapshot v1, https://goo.gl/fbAQLP

exports[`ErrorBar create shapshot 1`] = `
.emotion-0 {
  margin-bottom: 1rem;
}

<body>
  <div>
    <div
      class="emotion-0"
    >
      <div
        class="ui-alert"
        data-uses-unhanded-props="true"
      >
        <div
          class="ui-box ui-alert__icon"
          data-uses-unhanded-props="true"
        >
          <span
            aria-hidden="true"
            class="root_3aeb045a"
          >
            <svg
              class="svg_3aeb045a"
              focusable="false"
              viewBox="0 0 2048 2048"
              xmlns="http://www.w3.org/2000/svg"
            >
              <path
                d="M1920 1920H0L960 0l960 1920zM207 1792h1506L960 286 207 1792zm817-1024v640H896V768h128zm-128 768h128v128H896v-128z"
              />
            </svg>
          </span>
        </div>
        <div
          class="ui-box ui-alert__body"
          data-uses-unhanded-props="true"
          id="alert-body-1"
        >
          <div
            class="ui-box ui-alert__content"
            data-uses-unhanded-props="true"
            dir="auto"
          >
            something went wrong
          </div>
        </div>
        <button
          aria-describedby="alert-body-1"
          class="ui-alert__dismissaction"
          data-aa-class="Alert__dismissAction"
          data-uses-unhanded-props="true"
        >
          <span
            class="ui-box ui-alert__dismissaction__content"
            data-uses-unhanded-props="true"
          />
        </button>
      </div>
    </div>
  </div>
</body>
`;
