// Jest Snapshot v1, https://goo.gl/fbAQLP

exports[`create shapshot 1`] = `
.emotion-0 {
  display: grid;
  grid-template-rows: auto;
  grid-template-columns: auto auto;
  grid-gap: 0.25rem;
  -webkit-align-items: center;
  -webkit-box-align: center;
  -ms-flex-align: center;
  align-items: center;
  -webkit-box-pack: start;
  -ms-flex-pack: start;
  -webkit-justify-content: start;
  justify-content: start;
  cursor: pointer;
}

<body>
  <div>
    <span
      aria-label=""
      class="fui-Text emotion-0 ___nzdt000_bc09y70 fk6fouc fkhj508 f1i3iumi figsok6 fpgzoln f1w7gpdv f6juhto f1mtd64y f1y7q3j9 f2jf649"
      role="button"
    >
      <div
        data-testid="Children"
      />
    </span>
  </div>
</body>
`;
