// Vitest Snapshot v1, https://vitest.dev/guide/snapshot.html

exports[`should match the snapshot 1`] = `
<DocumentFragment>
  <div
    class="fui-MenuItem rfoezjv"
    role="menuitem"
    tabindex="0"
  >
    <span
      class="fui-MenuItem__icon ro9koqv"
    >
      <div
        data-testid="test-Icon"
      />
    </span>
    <span
      class="fui-MenuItem__content r1ls86vo"
    >
      Title
    </span>
  </div>
</DocumentFragment>
`;
