// Vitest Snapshot v1, https://vitest.dev/guide/snapshot.html

exports[`should match the snapshot 1`] = `
<DocumentFragment>
  .emotion-0 {
  min-height: 100vh;
  line-height: 1.25em;
  background-color: #f5f5f5;
}

.emotion-1 {
  display: -webkit-box;
  display: -webkit-flex;
  display: -ms-flexbox;
  display: flex;
  -webkit-flex-direction: column;
  -ms-flex-direction: column;
  flex-direction: column;
  -webkit-align-items: center;
  -webkit-box-align: center;
  -ms-flex-align: center;
  align-items: center;
  -webkit-box-pack: center;
  -ms-flex-pack: center;
  -webkit-justify-content: center;
  justify-content: center;
  min-height: calc(100vh - 0.5rem);
}

@media (width >= 600px) {
  .emotion-1 {
    min-height: calc(100vh - 2rem);
  }
}

.emotion-2 {
  display: -webkit-box;
  display: -webkit-flex;
  display: -ms-flexbox;
  display: flex;
  -webkit-flex-direction: column;
  -ms-flex-direction: column;
  flex-direction: column;
  gap: 0.5rem;
  -webkit-align-items: center;
  -webkit-box-align: center;
  -ms-flex-align: center;
  align-items: center;
  -webkit-box-pack: center;
  -ms-flex-pack: center;
  -webkit-justify-content: center;
  justify-content: center;
}

.emotion-3 {
  font-size: 3rem;
  line-height: calc(3rem * 1.25);
  color: #bdbdbd;
}

.emotion-4 {
  color: #bdbdbd;
}

<div
    class="fui-FluentProvider fui-FluentProvider_r_0_ ___jdtuxv0_17k0bs4 f19n0e5 fxugw4r f1o700av fk6fouc fkhj508 figsok6 f1i3iumi"
    dir="ltr"
  >
    <div
      class="emotion-0"
    >
      <div
        class="emotion-1"
      >
        <div
          class="emotion-2"
        >
          <h1
            class="fui-Text emotion-3 ___c56hd20_1xy0w11 fk6fouc fkhj508 f1i3iumi figsok6 fpgzoln f1w7gpdv f6juhto f1gl81tg f2jf649"
          >
            No teams found
          </h1>
          <span
            class="fui-Text emotion-4 ___c56hd20_1xy0w11 fk6fouc fkhj508 f1i3iumi figsok6 fpgzoln f1w7gpdv f6juhto f1gl81tg f2jf649"
          >
            It looks like you are not a member of any teams.
          </span>
          <button
            class="fui-Button r1f29ykk ___dhqv000_ql4wmo0 ffp7eso f1p3nwhy f11589ue f1q5o8ev f1pdflbu f1phragk f15wkkf3 f1s2uweq fr80ssc f1ukrpxl fecsdlb f1rq72xc f1ksv2xa fhvnf4x fb6swo4 f1klyf7k f232fm2 f1d6mv4x f1nz3ub2 fag2qd2 fmvhcg7 f1o3dhpw f14bpyus fqc85l4 f1h3a8gf fkiggi6 f8gmj8i f1ap8nzx f1igan7k fjag8bx f1v3eptx f1ysmecq faulsx f79t15f fbtzoaq f8qmx7k fd4bjan f17t0x8g f194v5ow f1qgg65p fk7jm04 fhgccpy f32wu9k fu5nqqq f13prjl2 f1czftr5 f1nl83rv fixhny3 feygou5"
            type="button"
          >
            Reload
          </button>
        </div>
      </div>
    </div>
  </div>
</DocumentFragment>
`;
