// Vitest Snapshot v1, https://vitest.dev/guide/snapshot.html

exports[`should match the snapshot when the label is not undefined 1`] = `
<DocumentFragment>
  <div
    class="fui-Badge r1iycov ___172bkpj_b7iz950 f16xkysk faj9fo0 f161y7kd f1c8dzaj f1619yhw f1sl6hi9"
  >
    Restricted
  </div>
</DocumentFragment>
`;

exports[`should match the snapshot when the label is undefined 1`] = `<DocumentFragment />`;
