// Vitest Snapshot v1, https://vitest.dev/guide/snapshot.html

exports[`should create a shapshot when the label parameter is not undefined 1`] = `
<DocumentFragment>
  <div
    class="fui-Badge r1l7mb74 ___172bkpj_b7iz950 f16xkysk faj9fo0 f161y7kd f1c8dzaj f1619yhw f1sl6hi9"
  >
    Restricted
  </div>
</DocumentFragment>
`;

exports[`should create a shapshot when the label parameter is undefined 1`] = `<DocumentFragment />`;
