// Vitest Snapshot v1, https://vitest.dev/guide/snapshot.html

exports[`should match the snapshot 1`] = `
<DocumentFragment>
  .emotion-0 {
  min-height: 100vh;
  line-height: 1.25em;
  background-color: #f5f5f5;
}

<div
    class="fui-FluentProvider fui-FluentProviderr0 ___jdtuxv0_17k0bs4 f19n0e5 fxugw4r f1o700av fk6fouc fkhj508 figsok6 f1i3iumi"
    dir="ltr"
  >
    <div
      class="emotion-0"
    >
      <div
        class="fui-MenuItem rfoezjv"
        role="menuitem"
        tabindex="0"
      >
        <span
          class="fui-MenuItem__icon ro9koqv"
        >
          <svg
            aria-hidden="true"
            class="___9ctc0p0_1xvj9ao f1w7gpdv fez10in f1dd5bof"
            fill="currentColor"
            height="16"
            viewBox="0 0 16 16"
            width="16"
            xmlns="http://www.w3.org/2000/svg"
          >
            <path
              d="M11 6a1 1 0 1 0 0-2 1 1 0 0 0 0 2Zm-8.41 4.14a1.99 1.99 0 0 1 0-2.83L7.33 2.6c.37-.37.88-.58 1.4-.59L12 2A2 2 0 0 1 14 4l-.02 3.37c0 .53-.22 1.03-.6 1.4l-4.66 4.65c-.78.77-2.05.77-2.84 0l-3.3-3.28Zm.7-2.12a1 1 0 0 0 0 1.41l3.3 3.28a1 1 0 0 0 1.42 0l4.67-4.65a1 1 0 0 0 .3-.7L13 4a1 1 0 0 0-1-1L8.73 3a1 1 0 0 0-.7.3L3.3 8.01Z"
              fill="currentColor"
            />
          </svg>
        </span>
        <span
          class="fui-MenuItem__content r1ls86vo"
        >
          View tags
        </span>
      </div>
    </div>
  </div>
</DocumentFragment>
`;
