// Vitest Snapshot v1, https://vitest.dev/guide/snapshot.html

exports[`should match the snapshot when the loading is false 1`] = `
<DocumentFragment>
  .emotion-0 {
  min-height: 100vh;
  line-height: 1.25em;
  background-color: #f5f5f5;
}

.emotion-1 {
  display: grid;
  grid-template-rows: auto;
  grid-template-columns: auto 1fr;
  gap: 0.5rem;
}

.emotion-2 {
  display: grid;
  grid-template-rows: auto auto auto auto;
  grid-template-columns: 1fr auto;
  gap: 0.25rem;
}

.emotion-3 {
  grid-row: 1/2;
  grid-column: 1/2;
  height: 1.5rem;
  overflow: hidden;
  text-overflow: ellipsis;
}

.emotion-4 {
  font-weight: 600;
  color: #4c6978;
  white-space: nowrap;
  cursor: pointer;
}

.emotion-5 {
  grid-row: 1/3;
  grid-column: 2/3;
}

.emotion-6 {
  display: -webkit-box;
  display: -webkit-flex;
  display: -ms-flexbox;
  display: flex;
  grid-row: 2/3;
  grid-column: 1/2;
  gap: 0.25rem;
  -webkit-align-items: center;
  -webkit-box-align: center;
  -ms-flex-align: center;
  align-items: center;
  -webkit-box-pack: left;
  -ms-flex-pack: left;
  -webkit-justify-content: left;
  justify-content: left;
  height: 1.25rem;
}

.emotion-7 {
  display: -webkit-box;
  display: -webkit-flex;
  display: -ms-flexbox;
  display: flex;
  -webkit-flex-direction: row;
  -ms-flex-direction: row;
  flex-direction: row;
  grid-row: 3/4;
  grid-column: 1/3;
  -webkit-align-items: center;
  -webkit-box-align: center;
  -ms-flex-align: center;
  align-items: center;
  -webkit-box-pack: left;
  -ms-flex-pack: left;
  -webkit-justify-content: left;
  justify-content: left;
  height: 1.25rem;
  gap: 0.5rem;
  color: #707070;
}

.emotion-8 {
  display: -webkit-box;
  display: -webkit-flex;
  display: -ms-flexbox;
  display: flex;
  -webkit-flex-direction: row;
  -ms-flex-direction: row;
  flex-direction: row;
  -webkit-align-items: center;
  -webkit-box-align: center;
  -ms-flex-align: center;
  align-items: center;
  -webkit-box-pack: left;
  -ms-flex-pack: left;
  -webkit-justify-content: left;
  justify-content: left;
  gap: 0.125rem;
}

.emotion-9 {
  font-size: 0.75rem;
  line-height: calc(0.75rem * 1.25);
}

.emotion-14 {
  grid-row: 4/5;
  grid-column: 1/3;
  height: 6.25rem;
}

.emotion-15 {
  display: -webkit-box;
  overflow: hidden;
  text-overflow: ellipsis;
  -webkit-line-clamp: 5;
  line-height: 1.25rem;
  -webkit-box-orient: vertical;
}

<div
    class="fui-FluentProvider fui-FluentProvider_r_1_ ___jdtuxv0_17k0bs4 f19n0e5 fxugw4r f1o700av fk6fouc fkhj508 figsok6 f1i3iumi"
    dir="ltr"
  >
    <div
      class="emotion-0"
    >
      <div
        class="fui-Card rfxo2k2 ___1sj3mog_1gdqqgf f1vx9l62 f14k419y f1fgo9fz fvqmfsm f3am6yf f1r5wgso frsmuga fuldkky fxugw4r f1whvlc6 f16gxe2i fpgykix f1osi826 fzybk4o ftqa4ok f2hkw1w f8hki3x f1d2448m f1bjia2o ffh67wi f1j6vpng f1pniga2 f987i1v f1ffjurs f15bsgw9 f14e48fq f18yb2kv fd6o370 fpqizxz fnd8nzh f15fr7a0 fwsq40z f34ld9f fy0y4wt"
        role="listitem"
      >
        <div
          class="emotion-1"
        >
          <div
            data-testid="test-AvatarIcon"
          />
          <div
            class="emotion-2"
          >
            <div
              class="emotion-3"
            >
              <span
                class="fui-Text emotion-4 ___c56hd20_1xy0w11 fk6fouc fkhj508 f1i3iumi figsok6 fpgzoln f1w7gpdv f6juhto f1gl81tg f2jf649"
                role="button"
              >
                HR Taskforce
              </span>
            </div>
            <div
              class="emotion-5"
            >
              <button
                aria-haspopup="menu"
                class="fui-Button r1f29ykk ___1cf351u_11vbq2i f1c21dwh f1p3nwhy f11589ue f1q5o8ev f1pdflbu fkfq4zb fjxutwb f1s2uweq fr80ssc f1ukrpxl fecsdlb f139oj5f ft1hn21 fuxngvv fkoldzo fhvnf4x fb6swo4 f1klyf7k f232fm2 f1l983o9 f1nhwcv0 f1gm6xmp fxoo9op f1v3eptx f1i0gk12 fd4bjan f18ktai2 fwbmr0d f44c6la"
                id="menu_r_2_"
                type="button"
              >
                <span
                  class="fui-Button__icon rywnvv2"
                >
                  <svg
                    aria-hidden="true"
                    class="___9ctc0p0_1xvj9ao f1w7gpdv fez10in f1dd5bof"
                    fill="currentColor"
                    height="16"
                    viewBox="0 0 16 16"
                    width="16"
                    xmlns="http://www.w3.org/2000/svg"
                  >
                    <path
                      d="M8 5a1 1 0 1 1 0-2 1 1 0 0 1 0 2Zm0 4a1 1 0 1 1 0-2 1 1 0 0 1 0 2Zm-1 3a1 1 0 1 0 2 0 1 1 0 0 0-2 0Z"
                      fill="currentColor"
                    />
                  </svg>
                </span>
              </button>
            </div>
            <div
              class="emotion-6"
            >
              <div
                data-testid="test-VisibilityIcon"
              />
              <div
                data-testid="test-SensitivityLabel"
              />
              <div />
            </div>
            <div
              class="emotion-7"
            >
              <div
                class="emotion-8"
              >
                <svg
                  aria-label="Owners"
                  class="___9ctc0p0_1xvj9ao f1w7gpdv fez10in f1dd5bof"
                  fill="currentColor"
                  height="16"
                  role="img"
                  viewBox="0 0 16 16"
                  width="16"
                  xmlns="http://www.w3.org/2000/svg"
                >
                  <path
                    d="M10 12.62v1.07c-.59.2-1.26.31-2 .31-3.14 0-5-2.03-5-4v-.5C3 8.67 3.67 8 4.5 8h5.03c-.14.28-.32.64-.4 1H4.5a.5.5 0 0 0-.5.5v.5c0 1.44 1.43 3 4 3a5.1 5.1 0 0 0 2-.38ZM8 1.5A2.75 2.75 0 1 1 8 7a2.75 2.75 0 0 1 0-5.5Zm0 1A1.75 1.75 0 1 0 8 6a1.75 1.75 0 0 0 0-3.5ZM13 13a3 3 0 1 0 0-6 3 3 0 0 0 0 6Zm0 1c.73 0 1.41-.2 2-.54v2.29c0 .2-.21.31-.38.21L13 15l-1.62.96a.25.25 0 0 1-.38-.21v-2.29c.59.34 1.27.54 2 .54Z"
                    fill="currentColor"
                  />
                </svg>
                <span
                  class="fui-Text emotion-9 ___c56hd20_1xy0w11 fk6fouc fkhj508 f1i3iumi figsok6 fpgzoln f1w7gpdv f6juhto f1gl81tg f2jf649"
                />
              </div>
              <div
                class="emotion-8"
              >
                <svg
                  aria-label="Members"
                  class="___9ctc0p0_1xvj9ao f1w7gpdv fez10in f1dd5bof"
                  fill="currentColor"
                  height="16"
                  role="img"
                  viewBox="0 0 16 16"
                  width="16"
                  xmlns="http://www.w3.org/2000/svg"
                >
                  <path
                    d="M12.5 7c.83 0 1.5.67 1.5 1.5V9h.5c.83 0 1.5.67 1.5 1.5v4c0 .83-.67 1.5-1.5 1.5h-6A1.5 1.5 0 0 1 7 14.5v-4C7 9.67 7.67 9 8.5 9H9v-.5c0-.83.67-1.5 1.5-1.5h2Zm-2 1a.5.5 0 0 0-.5.5V9h3v-.5a.5.5 0 0 0-.5-.5h-2Zm-2.46.04A2.5 2.5 0 0 0 6.5 9h-3a.5.5 0 0 0-.5.5v.5c0 1.24 1.06 2.57 3 2.91v1.02c-2.53-.38-4-2.18-4-3.93v-.5C2 8.67 2.67 8 3.5 8h4.55v.04ZM7 1.5A2.75 2.75 0 1 1 7 7a2.75 2.75 0 0 1 0-5.5Zm0 1A1.75 1.75 0 1 0 7 6a1.75 1.75 0 0 0 0-3.5Z"
                    fill="currentColor"
                  />
                </svg>
                <span
                  class="fui-Text emotion-9 ___c56hd20_1xy0w11 fk6fouc fkhj508 f1i3iumi figsok6 fpgzoln f1w7gpdv f6juhto f1gl81tg f2jf649"
                />
              </div>
              <div
                class="emotion-8"
              >
                <svg
                  aria-label="Guests"
                  class="___9ctc0p0_1xvj9ao f1w7gpdv fez10in f1dd5bof"
                  fill="currentColor"
                  height="16"
                  role="img"
                  viewBox="0 0 16 16"
                  width="16"
                  xmlns="http://www.w3.org/2000/svg"
                >
                  <path
                    d="M13 6a2 2 0 0 1 2 2v5a2 2 0 0 1-2 2h-3a2 2 0 0 1-2-2V8c0-1.1.9-2 2-2h3ZM7 9H3.5a.5.5 0 0 0-.5.5v.5c0 1.44 1.43 3 4 3a3 3 0 0 0 .17 1H7c-3.14 0-5-2.03-5-4v-.5C2 8.67 2.67 8 3.5 8H7v1Zm3.5-1a.5.5 0 0 0 0 1h2a.5.5 0 0 0 0-1h-2ZM7 1.5a2.75 2.75 0 0 1 2.64 3.52A3 3 0 0 0 7.18 7L7 7a2.75 2.75 0 0 1 0-5.5Zm0 1A1.75 1.75 0 1 0 7 6a1.75 1.75 0 0 0 0-3.5Z"
                    fill="currentColor"
                  />
                </svg>
                <span
                  class="fui-Text emotion-9 ___c56hd20_1xy0w11 fk6fouc fkhj508 f1i3iumi figsok6 fpgzoln f1w7gpdv f6juhto f1gl81tg f2jf649"
                />
              </div>
            </div>
            <div
              class="emotion-14"
            >
              <div
                class="emotion-15"
              >
                Welcome to the HR Taskforce team.
              </div>
            </div>
          </div>
        </div>
      </div>
    </div>
  </div>
</DocumentFragment>
`;

exports[`should match the snapshot when the loading is true 1`] = `
<DocumentFragment>
  .emotion-0 {
  min-height: 100vh;
  line-height: 1.25em;
  background-color: #f5f5f5;
}

.emotion-1 {
  display: grid;
  grid-template-rows: auto;
  grid-template-columns: auto 1fr auto;
  gap: 0.5rem;
}

.emotion-2 {
  display: grid;
  grid-template-rows: auto;
  grid-template-columns: auto;
  gap: 0.25rem;
}

<div
    class="fui-FluentProvider fui-FluentProvider_r_0_ ___jdtuxv0_17k0bs4 f19n0e5 fxugw4r f1o700av fk6fouc fkhj508 figsok6 f1i3iumi"
    dir="ltr"
  >
    <div
      class="emotion-0"
    >
      <div
        class="fui-Card rfxo2k2 ___1sj3mog_1gdqqgf f1vx9l62 f14k419y f1fgo9fz fvqmfsm f3am6yf f1r5wgso frsmuga fuldkky fxugw4r f1whvlc6 f16gxe2i fpgykix f1osi826 fzybk4o ftqa4ok f2hkw1w f8hki3x f1d2448m f1bjia2o ffh67wi f1j6vpng f1pniga2 f987i1v f1ffjurs f15bsgw9 f14e48fq f18yb2kv fd6o370 fpqizxz fnd8nzh f15fr7a0 fwsq40z f34ld9f fy0y4wt"
        role="listitem"
      >
        <div
          aria-busy="true"
          class="fui-Skeleton"
          role="progressbar"
        >
          <div
            class="emotion-1"
          >
            <div
              class="fui-SkeletonItem ___8fset60_9aw1x30 f10pi13n f1a3p1vp f13zj6fq f2gz7yw f1mdlcz9 f1nt53hs f18xs7ez fs3pcyf f1f9zsvm f1evo4vk f18va1k3 f171zwvm f1yu5riq f5q2cvs f124akge ff2sm71"
            />
            <div
              class="emotion-2"
            >
              <div
                class="fui-SkeletonItem ___iw0e790_1utfw1v f10pi13n f1a3p1vp f13zj6fq f2gz7yw f1mdlcz9 f1nt53hs f18xs7ez fs3pcyf f1f9zsvm f1evo4vk f18va1k3 f171zwvm f1yu5riq fly5x3f ff3glw6 frvgh55"
              />
              <div
                class="fui-SkeletonItem ___iw0e790_1utfw1v f10pi13n f1a3p1vp f13zj6fq f2gz7yw f1mdlcz9 f1nt53hs f18xs7ez fs3pcyf f1f9zsvm f1evo4vk f18va1k3 f171zwvm f1yu5riq fly5x3f ff3glw6 frvgh55"
              />
              <div
                class="fui-SkeletonItem ___ajcvwt0_xv61700 f10pi13n f1a3p1vp f13zj6fq f2gz7yw f1mdlcz9 f1nt53hs f18xs7ez fs3pcyf f1f9zsvm f1evo4vk f18va1k3 f171zwvm f1yu5riq fly5x3f ff3glw6 fypu0ge"
              />
            </div>
          </div>
        </div>
      </div>
    </div>
  </div>
</DocumentFragment>
`;
