// Jest Snapshot v1, https://goo.gl/fbAQLP

exports[`create shapshot of when item loading is false 1`] = `
<DocumentFragment>
  .emotion-0 {
  min-height: 100vh;
  line-height: 1.25em;
  background-color: #f5f5f5;
}

.emotion-1 {
  height: 6rem;
}

.emotion-2 {
  display: grid;
  grid-template-rows: auto;
  grid-template-columns: auto 1fr auto;
  grid-gap: 0.5rem;
}

.emotion-3 {
  display: grid;
  grid-template-rows: auto;
  grid-template-columns: auto;
  grid-gap: 0.25rem;
}

<div
    class="fui-FluentProvider fui-FluentProviderr1 ___jdtuxv0_17k0bs4 f19n0e5 fxugw4r f1o700av fk6fouc fkhj508 figsok6 f1i3iumi"
    dir="ltr"
  >
    <div
      class="emotion-0"
    >
      <div
        class="fui-Card emotion-1 ___139ns38_k98ud00 f1a3p1vp flpxrij fi54ll6 fs0zar4 f22iagw f10pi13n f1ewtqcl f19n0e5 f1mdlcz9 frwkxtg f1n6gb5g f15yvnhg fo72kxq f13zj6fq f1nwj1ja f8rth92 flthirb f1lh990p ftkbnf5 f6czdpx f13hvwk3 f1i1u9k0 f1en4csx fw3u9gn fnk4z59 f1vx9l62 f14k419y f1fgo9fz fvqmfsm f3am6yf f1r5wgso frsmuga fuldkky fxugw4r f1whvlc6 f16gxe2i fpgykix f1osi826 fzybk4o ftqa4ok f2hkw1w f8hki3x f1d2448m f1bjia2o ffh67wi f226i61 f13kzufm flujwa2 fsx75g8 f15bsgw9 f14e48fq f18yb2kv fd6o370 fpqizxz fnd8nzh f15fr7a0 fwsq40z f34ld9f fy0y4wt"
        role="listitem"
      >
        <div
          aria-busy="true"
          aria-label="Loading Content"
          class="fui-Skeleton"
          role="progressbar"
        >
          <div
            class="emotion-2"
          >
            <div
              class="fui-SkeletonItem ___18ygo6q_qogacp0 f10pi13n f1a3p1vp f1qx3921 fj9j8l8 f1b6djjb f1dsdmen f1cpbl36 f1iuewzk f452v7t f4akx1t f18p5put fnm2mpv f1gjxg63 f5q2cvs f124akge ff2sm71"
            />
            <div
              class="emotion-3"
            >
              <div
                class="fui-SkeletonItem ___h30iyh0_yafwio0 f10pi13n f1a3p1vp f1qx3921 fj9j8l8 f1b6djjb f1dsdmen f1cpbl36 f1iuewzk f452v7t f4akx1t f18p5put fnm2mpv f1gjxg63 fly5x3f ff3glw6 frvgh55"
              />
              <div
                class="fui-SkeletonItem ___oybdil0_1t3zkkb f10pi13n f1a3p1vp f1qx3921 fj9j8l8 f1b6djjb f1dsdmen f1cpbl36 f1iuewzk f452v7t f4akx1t f18p5put fnm2mpv f1gjxg63 fly5x3f ff3glw6 fjamq6b"
              />
              <div
                class="fui-SkeletonItem ___oybdil0_1t3zkkb f10pi13n f1a3p1vp f1qx3921 fj9j8l8 f1b6djjb f1dsdmen f1cpbl36 f1iuewzk f452v7t f4akx1t f18p5put fnm2mpv f1gjxg63 fly5x3f ff3glw6 fjamq6b"
              />
            </div>
          </div>
        </div>
      </div>
    </div>
  </div>
</DocumentFragment>
`;

exports[`create shapshot of when item loading is true 1`] = `
<DocumentFragment>
  .emotion-0 {
  min-height: 100vh;
  line-height: 1.25em;
  background-color: #f5f5f5;
}

.emotion-1 {
  height: 6rem;
}

.emotion-2 {
  display: grid;
  grid-template-rows: auto;
  grid-template-columns: auto 1fr;
  grid-gap: 0.5rem;
}

.emotion-3 {
  display: grid;
  grid-gap: 0.25rem;
}

.emotion-4 {
  display: grid;
  grid-template-rows: auto;
  grid-template-columns: 1fr auto auto;
  grid-gap: 0.25rem;
  -webkit-align-items: center;
  -webkit-box-align: center;
  -ms-flex-align: center;
  align-items: center;
  -webkit-box-pack: center;
  -ms-flex-pack: center;
  -webkit-justify-content: center;
  justify-content: center;
}

.emotion-5 {
  overflow: hidden;
  text-overflow: ellipsis;
  white-space: nowrap;
}

.emotion-6 {
  cursor: pointer;
}

.emotion-7 {
  font-weight: 600;
  color: #4c6978;
}

.emotion-9 {
  display: grid;
  grid-template-rows: auto;
  grid-template-columns: auto auto auto auto auto;
  -webkit-align-items: center;
  -webkit-box-align: center;
  -ms-flex-align: center;
  align-items: center;
  -webkit-box-pack: left;
  -ms-flex-pack: left;
  -webkit-justify-content: left;
  justify-content: left;
}

<div
    class="fui-FluentProvider fui-FluentProviderr0 ___jdtuxv0_17k0bs4 f19n0e5 fxugw4r f1o700av fk6fouc fkhj508 figsok6 f1i3iumi"
    dir="ltr"
  >
    <div
      class="emotion-0"
    >
      <div
        class="fui-Card emotion-1 ___139ns38_k98ud00 f1a3p1vp flpxrij fi54ll6 fs0zar4 f22iagw f10pi13n f1ewtqcl f19n0e5 f1mdlcz9 frwkxtg f1n6gb5g f15yvnhg fo72kxq f13zj6fq f1nwj1ja f8rth92 flthirb f1lh990p ftkbnf5 f6czdpx f13hvwk3 f1i1u9k0 f1en4csx fw3u9gn fnk4z59 f1vx9l62 f14k419y f1fgo9fz fvqmfsm f3am6yf f1r5wgso frsmuga fuldkky fxugw4r f1whvlc6 f16gxe2i fpgykix f1osi826 fzybk4o ftqa4ok f2hkw1w f8hki3x f1d2448m f1bjia2o ffh67wi f226i61 f13kzufm flujwa2 fsx75g8 f15bsgw9 f14e48fq f18yb2kv fd6o370 fpqizxz fnd8nzh f15fr7a0 fwsq40z f34ld9f fy0y4wt"
        role="listitem"
      >
        <div
          class="emotion-2"
        >
          <div
            data-testid="AvatarIcon"
          />
          <div
            class="emotion-3"
          >
            <div
              class="emotion-4"
            >
              <div
                class="emotion-5"
              >
                <span
                  class="fui-Text emotion-6 ___c56hd20_1xy0w11 fk6fouc fkhj508 f1i3iumi figsok6 fpgzoln f1w7gpdv f6juhto f1gl81tg f2jf649"
                  role="button"
                >
                  <span
                    class="fui-Text emotion-7 ___c56hd20_1xy0w11 fk6fouc fkhj508 f1i3iumi figsok6 fpgzoln f1w7gpdv f6juhto f1gl81tg f2jf649"
                  >
                    HR Taskforce
                  </span>
                </span>
              </div>
              <div
                data-testid="SensitivityLabel"
              />
              <div
                data-testid="VisibilityIcon"
              />
            </div>
            <div
              class="emotion-5"
            >
              Welcome to the HR Taskforce team.
            </div>
            <div
              class="emotion-9"
            >
              <div
                data-testid="ChannelMenuItem"
              />
              <div
                data-testid="MemberMenuItem"
              />
              <div
                data-testid="DriveMenuItem"
              />
              <div
                data-testid="CalendarMenuItem"
              />
              <div
                data-testid="PinMenuItem"
              />
            </div>
          </div>
        </div>
      </div>
    </div>
  </div>
</DocumentFragment>
`;
