// Jest Snapshot v1, https://goo.gl/fbAQLP

exports[`create shapshot 1`] = `
.emotion-0 {
  min-height: 100vh;
  line-height: 1.25em;
  background-color: #f5f5f5;
}

.emotion-1 {
  display: grid;
  grid-template-rows: auto;
  grid-template-columns: repeat(auto-fill, minmax(22.5rem, 1fr));
  grid-gap: 0.5rem;
}

@media (width >= 600px) {
  .emotion-1 {
    grid-gap: 1rem;
  }
}

<body>
  <div>
    <div
      class="fui-FluentProvider fui-FluentProviderr0 ___jdtuxv0_17k0bs4 f19n0e5 fxugw4r f1o700av fk6fouc fkhj508 figsok6 f1i3iumi"
      dir="ltr"
    >
      <div
        class="emotion-0"
      >
        <div
          class="emotion-1"
          role="list"
        >
          <div
            data-testid="TeamCard"
          />
        </div>
      </div>
    </div>
  </div>
</body>
`;
